first selext
null: 0
null: 0
null: 0
null: 0
null: 0
null: 0
null: 0
null: 1
null: 1
null: 1
second selext
null: 1
null: 1
null: 1
null: 0
null: 1
null: 1
null: 1
null: 1
null: 1
null: 1
